// Jest Snapshot v1, https://goo.gl/fbAQLP

exports[`App test against snapshot 1`] = `
<View>
  <ActivityIndicator
    animating={true}
    color="#0000ff"
    hidesWhenStopped={true}
    size="large"
  />
</View>
`;
